// Jest Snapshot v1, https://goo.gl/fbAQLP

exports[`Document renders successfully 1`] = `
<div>
  <header
    class="z-50 sticky top-0"
  >
    <div
      class="flex flex-nowrap justify-start justify-self-start min-w-full pl-3 py-1 shadow-md border-b-2 border-cyan-500 dark:border-slate-200"
    >
      <h2
        class="chakra-heading text-xl font-bold font-heading css-0"
      >
        🦴 Doggo
      </h2>
    </div>
  </header>
</div>
`;
